../Core/Src/oled.c:13:13:send_cmd	32	static
../Core/Src/oled.c:19:13:send_data	32	static
../Core/Src/oled.c:25:13:send_RAM	16	static
../Core/Src/oled.c:40:13:reverse_char	32	static
../Core/Src/oled.c:56:6:oled_init	8	static
../Core/Src/oled.c:93:6:oled_on	8	static
../Core/Src/oled.c:101:6:oled_off	8	static
../Core/Src/oled.c:110:6:oled_set_pixel	16	static
../Core/Src/oled.c:119:6:oled_reset_pixel	16	static
../Core/Src/oled.c:128:6:oled_area_fill	32	static
../Core/Src/oled.c:147:6:oled_area_clear	32	static
../Core/Src/oled.c:166:6:oled_fill	8	static
../Core/Src/oled.c:172:6:oled_clear	8	static
../Core/Src/oled.c:178:6:oled_draw_ASCII	32	static
